<?xml version="1.0" encoding="utf-8"?>
<TestRun id="929e8dd4-0b11-4723-9e64-0452e49c04b2" name="@Eman 2021-01-27 11:23:56" xmlns="http://microsoft.com/schemas/VisualStudio/TeamTest/2010">
  <Times creation="2021-01-27T11:23:56.7316330+08:00" queuing="2021-01-27T11:23:56.7316330+08:00" start="2021-01-27T11:23:53.5282230+08:00" finish="2021-01-27T11:23:56.7458880+08:00" />
  <TestSettings name="default" id="4698feaf-0026-4e42-9c84-158027ea1be9">
    <Deployment runDeploymentRoot="_Eman_2021-01-27_11_23_56" />
  </TestSettings>
  <Results>
    <UnitTestResult executionId="5af2db77-7251-4502-9ebf-5f7c7fdacd38" testId="1fdd6013-8c07-4248-89c1-9307160fedd8" testName="GameEngine.Tests.BossEnemyShould.HaveCorrectPower" computerName="Eman" duration="00:00:00.0100887" startTime="2021-01-27T11:23:56.4613880+08:00" endTime="2021-01-27T11:23:56.4615220+08:00" testType="13cdc9d9-ddb5-4fa4-a97d-d965ccfc6d4b" outcome="Passed" testListId="8c84fa94-04c1-424b-9868-57a2d4851a1d" relativeResultsDirectory="5af2db77-7251-4502-9ebf-5f7c7fdacd38">
      <Output>
        <StdOut>Creating Boss Enemy</StdOut>
      </Output>
    </UnitTestResult>
  </Results>
  <TestDefinitions>
    <UnitTest name="GameEngine.Tests.BossEnemyShould.HaveCorrectPower" storage="/users/eman.sayma/documents/dotnet/testing/course1/game/gameengine.tests/bin/debug/net5.0/gameengine.tests.dll" id="1fdd6013-8c07-4248-89c1-9307160fedd8">
      <Execution id="5af2db77-7251-4502-9ebf-5f7c7fdacd38" />
      <TestMethod codeBase="/Users/eman.sayma/Documents/dotnet/testing/course1/Game/GameEngine.Tests/bin/Debug/net5.0/GameEngine.Tests.dll" adapterTypeName="executor://xunit/VsTestRunner2/netcoreapp" className="GameEngine.Tests.BossEnemyShould" name="HaveCorrectPower" />
    </UnitTest>
  </TestDefinitions>
  <TestEntries>
    <TestEntry testId="1fdd6013-8c07-4248-89c1-9307160fedd8" executionId="5af2db77-7251-4502-9ebf-5f7c7fdacd38" testListId="8c84fa94-04c1-424b-9868-57a2d4851a1d" />
  </TestEntries>
  <TestLists>
    <TestList name="Results Not in a List" id="8c84fa94-04c1-424b-9868-57a2d4851a1d" />
    <TestList name="All Loaded Results" id="19431567-8539-422a-85d7-44ee4e166bda" />
  </TestLists>
  <ResultSummary outcome="Completed">
    <Counters total="1" executed="1" passed="1" failed="0" error="0" timeout="0" aborted="0" inconclusive="0" passedButRunAborted="0" notRunnable="0" notExecuted="0" disconnected="0" warning="0" completed="0" inProgress="0" pending="0" />
    <Output>
      <StdOut>[xUnit.net 00:00:00.01] xUnit.net VSTest Adapter v2.4.3+1b45f5407b (64-bit .NET 5.0.1-servicing.20575.16)
[xUnit.net 00:00:01.20]   Discovering: GameEngine.Tests
[xUnit.net 00:00:01.28]   Discovered:  GameEngine.Tests
[xUnit.net 00:00:01.31]   Starting:    GameEngine.Tests
[xUnit.net 00:00:01.49]   Finished:    GameEngine.Tests
</StdOut>
    </Output>
  </ResultSummary>
</TestRun>